┃ Choose a theme                                                                
┃ > Tokyo Night                                                                 
┃   Catppuccin Mocha                                                            
┃   Gruvbox Dark                                                                
┃   Dracula                                                                     
┃   Kanagawa                                                                    
                                                                                
                                                                                
                                                                                
                                                                                
                                                                                
                                                                                
                                                                                
                                                                                
                                                                                
                                                                                
                                                                                
                                                                                
                                                                                
                                                                                
                                                                                
                                                                                
                                                                                

↑ up • ↓ down • / filter • shift+tab back • enter select