┃ Choose a Neovim configuration                                                 
┃ > Base                                                                        
┃   Personal                                                                    
                                                                                
                                                                                
                                                                                
                                                                                
                                                                                
                                                                                
                                                                                
                                                                                
                                                                                
                                                                                
                                                                                
                                                                                
                                                                                
                                                                                
                                                                                
                                                                                
                                                                                
                                                                                
                                                                                
                                                                                

↑ up • ↓ down • / filter • shift+tab back • enter select