┃ Choose a Neovim framework                                                     
┃ > None                                                                        
┃   LazyVim                                                                     
┃   LunarVim                                                                    
┃   AstroNvim                                                                   
┃   NvChad                                                                      
┃   LaunchVim                                                                   
                                                                                
                                                                                
                                                                                
                                                                                
                                                                                
                                                                                
                                                                                
                                                                                
                                                                                
                                                                                
                                                                                
                                                                                
                                                                                
                                                                                
                                                                                
                                                                                

↑ up • ↓ down • / filter • shift+tab back • enter select