  Choose a font                                                                 
  > JetBrains Mono                                                              
    Fira Code                                                                   
    Cascadia Code                                                               
    Hack                                                                        
    Iosevka                                                                     
                                                                                
                                                                                
                                                                                
                                                                                
                                                                                
                                                                                
                                                                                
                                                                                
                                                                                
                                                                                
                                                                                
                                                                                
                                                                                
                                                                                
                                                                                
                                                                                
                                                                                

↑ up • ↓ down • / filter • enter select